../Core/Src/main.c:69:5:main	48	static,ignoring_inline_asm
../Core/Src/main.c:147:6:SystemClock_Config	88	static
../Core/Src/main.c:194:13:MX_GPIO_Init	48	static
../Core/Src/main.c:235:13:led_green_handler	16	static
../Core/Src/main.c:245:13:led_orange_handler	16	static
../Core/Src/main.c:255:13:led_red_handler	16	static
../Core/Src/main.c:265:6:vApplicationIdleHook	8	static
../Core/Src/main.c:281:6:HAL_TIM_PeriodElapsedCallback	16	static
../Core/Src/main.c:298:6:Error_Handler	4	static,ignoring_inline_asm
