../Core/Src/main.c:73:5:main	40	static,ignoring_inline_asm
../Core/Src/main.c:140:6:SystemClock_Config	88	static
../Core/Src/main.c:187:13:MX_GPIO_Init	48	static
../Core/Src/main.c:232:6:switch_priority	32	static
../Core/Src/main.c:266:13:task1_handler	16	static
../Core/Src/main.c:277:13:task2_handler	16	static
../Core/Src/main.c:288:6:button_interrupt_handler	8	static
../Core/Src/main.c:305:6:HAL_TIM_PeriodElapsedCallback	16	static
../Core/Src/main.c:322:6:Error_Handler	4	static,ignoring_inline_asm
